// Jest Snapshot v1, https://goo.gl/fbAQLP

exports[`SelectLocalisation matches the snapshot 1`] = `
<View
  accessibilityState={
    {
      "busy": undefined,
      "checked": undefined,
      "disabled": undefined,
      "expanded": undefined,
      "selected": undefined,
    }
  }
  accessibilityValue={
    {
      "max": undefined,
      "min": undefined,
      "now": undefined,
      "text": undefined,
    }
  }
  accessible={true}
  collapsable={false}
  focusable={true}
  onClick={[Function]}
  onResponderGrant={[Function]}
  onResponderMove={[Function]}
  onResponderRelease={[Function]}
  onResponderTerminate={[Function]}
  onResponderTerminationRequest={[Function]}
  onStartShouldSetResponder={[Function]}
  style={
    {
      "alignItems": "center",
      "flexDirection": "row",
      "gap": 8,
      "opacity": 1,
      "padding": 8,
    }
  }
  testID="select-localisation-container"
>
  <RNSVGSvgView
    align="xMidYMid"
    bbHeight={16}
    bbWidth={16}
    fill="none"
    focusable={false}
    height={16}
    meetOrSlice={0}
    minX={0}
    minY={0}
    stroke="#424242"
    strokeLinecap="round"
    strokeLinejoin="round"
    strokeWidth={2.5}
    style={
      [
        {
          "backgroundColor": "transparent",
          "borderWidth": 0,
        },
        {
          "flex": 0,
          "height": 16,
          "width": 16,
        },
      ]
    }
    testID="map-pin"
    vbHeight={24}
    vbWidth={24}
    width={16}
    xmlns="http://www.w3.org/2000/svg"
  >
    <RNSVGGroup
      fill={null}
      propList={
        [
          "fill",
          "stroke",
          "strokeWidth",
          "strokeLinecap",
          "strokeLinejoin",
        ]
      }
      stroke={
        {
          "payload": 4282532418,
          "type": 0,
        }
      }
      strokeLinecap={1}
      strokeLinejoin={1}
      strokeWidth={2.5}
    >
      <RNSVGPath
        d="M20 10c0 4.993-5.539 10.193-7.399 11.799a1 1 0 0 1-1.202 0C9.539 20.193 4 14.993 4 10a8 8 0 0 1 16 0"
        fill={null}
        propList={
          [
            "fill",
            "stroke",
            "strokeWidth",
            "strokeLinecap",
            "strokeLinejoin",
          ]
        }
        stroke={
          {
            "payload": 4282532418,
            "type": 0,
          }
        }
        strokeLinecap={1}
        strokeLinejoin={1}
        strokeWidth={2.5}
        testID="map-pin"
      />
      <RNSVGCircle
        cx="12"
        cy="10"
        fill={null}
        propList={
          [
            "fill",
            "stroke",
            "strokeWidth",
            "strokeLinecap",
            "strokeLinejoin",
          ]
        }
        r="3"
        stroke={
          {
            "payload": 4282532418,
            "type": 0,
          }
        }
        strokeLinecap={1}
        strokeLinejoin={1}
        strokeWidth={2.5}
        testID="map-pin"
      />
    </RNSVGGroup>
  </RNSVGSvgView>
  <Text
    style={
      [
        {
          "fontFamily": "Inter-SemiBold",
          "fontSize": 12,
        },
        {
          "color": "#424242",
          "marginLeft": 4,
        },
      ]
    }
    testID="localisation-text"
  >
    Montreal, QC
  </Text>
  <RNSVGSvgView
    align="xMidYMid"
    bbHeight={20}
    bbWidth={20}
    fill="none"
    focusable={false}
    height={20}
    meetOrSlice={0}
    minX={0}
    minY={0}
    stroke="#424242"
    strokeLinecap="round"
    strokeLinejoin="round"
    strokeWidth={2.5}
    style={
      [
        {
          "backgroundColor": "transparent",
          "borderWidth": 0,
        },
        {
          "flex": 0,
          "height": 20,
          "width": 20,
        },
      ]
    }
    testID="chevron-down"
    vbHeight={24}
    vbWidth={24}
    width={20}
    xmlns="http://www.w3.org/2000/svg"
  >
    <RNSVGGroup
      fill={null}
      propList={
        [
          "fill",
          "stroke",
          "strokeWidth",
          "strokeLinecap",
          "strokeLinejoin",
        ]
      }
      stroke={
        {
          "payload": 4282532418,
          "type": 0,
        }
      }
      strokeLinecap={1}
      strokeLinejoin={1}
      strokeWidth={2.5}
    >
      <RNSVGPath
        d="m6 9 6 6 6-6"
        fill={null}
        propList={
          [
            "fill",
            "stroke",
            "strokeWidth",
            "strokeLinecap",
            "strokeLinejoin",
          ]
        }
        stroke={
          {
            "payload": 4282532418,
            "type": 0,
          }
        }
        strokeLinecap={1}
        strokeLinejoin={1}
        strokeWidth={2.5}
        testID="chevron-down"
      />
    </RNSVGGroup>
  </RNSVGSvgView>
</View>
`;
