// Jest Snapshot v1, https://goo.gl/fbAQLP

exports[`Search Component matches the snapshot 1`] = `
<View
  style={
    {
      "alignItems": "center",
      "backgroundColor": "#F2F2F7",
      "borderRadius": 50,
      "flexDirection": "row",
      "paddingHorizontal": 20,
      "paddingVertical": 16,
    }
  }
>
  <RNSVGSvgView
    align="xMidYMid"
    bbHeight={20}
    bbWidth={20}
    fill="none"
    focusable={false}
    height={20}
    meetOrSlice={0}
    minX={0}
    minY={0}
    stroke="#424242"
    strokeLinecap="round"
    strokeLinejoin="round"
    strokeWidth={3.5}
    style={
      [
        {
          "backgroundColor": "transparent",
          "borderWidth": 0,
        },
        {
          "flex": 0,
          "height": 20,
          "width": 20,
        },
      ]
    }
    testID="search-icon"
    vbHeight={24}
    vbWidth={24}
    width={20}
    xmlns="http://www.w3.org/2000/svg"
  >
    <RNSVGGroup
      fill={null}
      propList={
        [
          "fill",
          "stroke",
          "strokeWidth",
          "strokeLinecap",
          "strokeLinejoin",
        ]
      }
      stroke={
        {
          "payload": 4282532418,
          "type": 0,
        }
      }
      strokeLinecap={1}
      strokeLinejoin={1}
      strokeWidth={3.5}
    >
      <RNSVGCircle
        cx="11"
        cy="11"
        fill={null}
        propList={
          [
            "fill",
            "stroke",
            "strokeWidth",
            "strokeLinecap",
            "strokeLinejoin",
          ]
        }
        r="8"
        stroke={
          {
            "payload": 4282532418,
            "type": 0,
          }
        }
        strokeLinecap={1}
        strokeLinejoin={1}
        strokeWidth={3.5}
        testID="search-icon"
      />
      <RNSVGPath
        d="m21 21-4.3-4.3"
        fill={null}
        propList={
          [
            "fill",
            "stroke",
            "strokeWidth",
            "strokeLinecap",
            "strokeLinejoin",
          ]
        }
        stroke={
          {
            "payload": 4282532418,
            "type": 0,
          }
        }
        strokeLinecap={1}
        strokeLinejoin={1}
        strokeWidth={3.5}
        testID="search-icon"
      />
    </RNSVGGroup>
  </RNSVGSvgView>
  <TextInput
    onChangeText={
      [MockFunction] {
        "calls": [
          [
            "New search query",
          ],
        ],
        "results": [
          {
            "type": "return",
            "value": undefined,
          },
        ],
      }
    }
    placeholder="Rechercher les cafÃ©s, les plats"
    placeholderTextColor="#424242"
    returnKeyType="search"
    style={
      [
        {
          "fontFamily": "Poppins-Medium",
          "fontSize": 13.5,
        },
        {
          "color": "#000000",
          "flex": 1,
          "marginLeft": 16,
        },
      ]
    }
  />
  <View
    accessibilityState={
      {
        "busy": undefined,
        "checked": undefined,
        "disabled": undefined,
        "expanded": undefined,
        "selected": undefined,
      }
    }
    accessibilityValue={
      {
        "max": undefined,
        "min": undefined,
        "now": undefined,
        "text": undefined,
      }
    }
    accessible={true}
    collapsable={false}
    focusable={true}
    onClick={[Function]}
    onResponderGrant={[Function]}
    onResponderMove={[Function]}
    onResponderRelease={[Function]}
    onResponderTerminate={[Function]}
    onResponderTerminationRequest={[Function]}
    onStartShouldSetResponder={[Function]}
    style={
      {
        "marginLeft": 12,
        "opacity": 1,
      }
    }
    testID="filter-icon-container"
  >
    <RNSVGSvgView
      align="xMidYMid"
      bbHeight={20}
      bbWidth={20}
      fill="none"
      focusable={false}
      height={20}
      meetOrSlice={0}
      minX={0}
      minY={0}
      stroke="#424242"
      strokeLinecap="round"
      strokeLinejoin="round"
      strokeWidth={3}
      style={
        [
          {
            "backgroundColor": "transparent",
            "borderWidth": 0,
          },
          {
            "flex": 0,
            "height": 20,
            "width": 20,
          },
        ]
      }
      testID="filter-icon"
      vbHeight={24}
      vbWidth={24}
      width={20}
      xmlns="http://www.w3.org/2000/svg"
    >
      <RNSVGGroup
        fill={null}
        propList={
          [
            "fill",
            "stroke",
            "strokeWidth",
            "strokeLinecap",
            "strokeLinejoin",
          ]
        }
        stroke={
          {
            "payload": 4282532418,
            "type": 0,
          }
        }
        strokeLinecap={1}
        strokeLinejoin={1}
        strokeWidth={3}
      >
        <RNSVGLine
          fill={null}
          propList={
            [
              "fill",
              "stroke",
              "strokeWidth",
              "strokeLinecap",
              "strokeLinejoin",
            ]
          }
          stroke={
            {
              "payload": 4282532418,
              "type": 0,
            }
          }
          strokeLinecap={1}
          strokeLinejoin={1}
          strokeWidth={3}
          testID="filter-icon"
          x1="21"
          x2="14"
          y1="4"
          y2="4"
        />
        <RNSVGLine
          fill={null}
          propList={
            [
              "fill",
              "stroke",
              "strokeWidth",
              "strokeLinecap",
              "strokeLinejoin",
            ]
          }
          stroke={
            {
              "payload": 4282532418,
              "type": 0,
            }
          }
          strokeLinecap={1}
          strokeLinejoin={1}
          strokeWidth={3}
          testID="filter-icon"
          x1="10"
          x2="3"
          y1="4"
          y2="4"
        />
        <RNSVGLine
          fill={null}
          propList={
            [
              "fill",
              "stroke",
              "strokeWidth",
              "strokeLinecap",
              "strokeLinejoin",
            ]
          }
          stroke={
            {
              "payload": 4282532418,
              "type": 0,
            }
          }
          strokeLinecap={1}
          strokeLinejoin={1}
          strokeWidth={3}
          testID="filter-icon"
          x1="21"
          x2="12"
          y1="12"
          y2="12"
        />
        <RNSVGLine
          fill={null}
          propList={
            [
              "fill",
              "stroke",
              "strokeWidth",
              "strokeLinecap",
              "strokeLinejoin",
            ]
          }
          stroke={
            {
              "payload": 4282532418,
              "type": 0,
            }
          }
          strokeLinecap={1}
          strokeLinejoin={1}
          strokeWidth={3}
          testID="filter-icon"
          x1="8"
          x2="3"
          y1="12"
          y2="12"
        />
        <RNSVGLine
          fill={null}
          propList={
            [
              "fill",
              "stroke",
              "strokeWidth",
              "strokeLinecap",
              "strokeLinejoin",
            ]
          }
          stroke={
            {
              "payload": 4282532418,
              "type": 0,
            }
          }
          strokeLinecap={1}
          strokeLinejoin={1}
          strokeWidth={3}
          testID="filter-icon"
          x1="21"
          x2="16"
          y1="20"
          y2="20"
        />
        <RNSVGLine
          fill={null}
          propList={
            [
              "fill",
              "stroke",
              "strokeWidth",
              "strokeLinecap",
              "strokeLinejoin",
            ]
          }
          stroke={
            {
              "payload": 4282532418,
              "type": 0,
            }
          }
          strokeLinecap={1}
          strokeLinejoin={1}
          strokeWidth={3}
          testID="filter-icon"
          x1="12"
          x2="3"
          y1="20"
          y2="20"
        />
        <RNSVGLine
          fill={null}
          propList={
            [
              "fill",
              "stroke",
              "strokeWidth",
              "strokeLinecap",
              "strokeLinejoin",
            ]
          }
          stroke={
            {
              "payload": 4282532418,
              "type": 0,
            }
          }
          strokeLinecap={1}
          strokeLinejoin={1}
          strokeWidth={3}
          testID="filter-icon"
          x1="14"
          x2="14"
          y1="2"
          y2="6"
        />
        <RNSVGLine
          fill={null}
          propList={
            [
              "fill",
              "stroke",
              "strokeWidth",
              "strokeLinecap",
              "strokeLinejoin",
            ]
          }
          stroke={
            {
              "payload": 4282532418,
              "type": 0,
            }
          }
          strokeLinecap={1}
          strokeLinejoin={1}
          strokeWidth={3}
          testID="filter-icon"
          x1="8"
          x2="8"
          y1="10"
          y2="14"
        />
        <RNSVGLine
          fill={null}
          propList={
            [
              "fill",
              "stroke",
              "strokeWidth",
              "strokeLinecap",
              "strokeLinejoin",
            ]
          }
          stroke={
            {
              "payload": 4282532418,
              "type": 0,
            }
          }
          strokeLinecap={1}
          strokeLinejoin={1}
          strokeWidth={3}
          testID="filter-icon"
          x1="16"
          x2="16"
          y1="18"
          y2="22"
        />
      </RNSVGGroup>
    </RNSVGSvgView>
  </View>
</View>
`;
